// Vitest Snapshot v1, https://vitest.dev/guide/snapshot.html

exports[`VertexWorkspacePage (VTX-017) > snapshot: /vertex/new shell is stable 1`] = `
<div>
  <div
    class="flex h-full min-h-[400px] flex-col"
    data-testid="vertex-workspace"
  >
    <header
      class="flex items-center justify-between border-b border-zinc-800 bg-zinc-950 px-3 py-2 text-xs text-zinc-100"
      data-testid="vertex-topbar"
    >
      <span
        class="font-mono text-sm"
        data-testid="vertex-topbar-graph-name"
      >
        Untitled Graph
      </span>
      <nav
        class="flex items-center gap-2"
      >
        <button
          class="rounded border border-zinc-700 bg-zinc-900 px-2 py-1 hover:bg-zinc-800"
          data-testid="vertex-topbar-save"
          type="button"
        >
          Save
        </button>
        <button
          class="rounded border border-zinc-700 bg-zinc-900 px-2 py-1 hover:bg-zinc-800"
          data-testid="vertex-topbar-share"
          type="button"
        >
          Share
        </button>
        <button
          class="rounded border border-zinc-700 bg-zinc-900 px-2 py-1 hover:bg-zinc-800"
          data-testid="vertex-topbar-layout"
          type="button"
        >
          Layout
        </button>
        <button
          class="rounded border border-zinc-700 bg-zinc-900 px-2 py-1 hover:bg-zinc-800"
          data-testid="vertex-topbar-time-selection"
          type="button"
        >
          Time
        </button>
        <button
          class="rounded border border-zinc-700 bg-zinc-900 px-2 py-1 hover:bg-zinc-800"
          data-testid="vertex-topbar-run"
          type="button"
        >
          Run
        </button>
      </nav>
    </header>
    <div
      class="relative flex-1"
      data-testid="vertex-canvas-host"
    >
      <div
        data-testid="vertex-canvas-mock"
        style="height: 100%; width: 100%; background: var(--bg-primary, #0b0d12);"
      >
        <div
          class="pointer-events-none absolute inset-0 overflow-hidden"
          data-testid="vertex-node-overlay-root"
          style="position: absolute; inset: 0px;"
        />
      </div>
    </div>
  </div>
</div>
`;
